<html>
<body>
<pre>
<h1>µVision Build Log</h1>
<h2>Tool Versions:</h2>
IDE-Version: µVision V5.23.0.0
Copyright (C) 2017 ARM Ltd and ARM Germany GmbH. All rights reserved.
License Information: Hung Dam, Fsoft, LIC=QF801-C2SPH-BRTXT-RXUWL-VKYDS-1RBYQ
 
Tool Versions:
Toolchain:       MDK-ARM Plus  Version: 5.23
Toolchain Path:  C:\Keil_v5\ARM\ARMCC\Bin
C Compiler:      Armcc.exe V5.06 update 4 (build 422)
Assembler:       Armasm.exe V5.06 update 4 (build 422)
Linker/Locator:  ArmLink.exe V5.06 update 4 (build 422)
Library Manager: ArmAr.exe V5.06 update 4 (build 422)
Hex Converter:   FromElf.exe V5.06 update 4 (build 422)
CPU DLL:         SARMCM3.DLL V5.23
Dialog DLL:      DCM.DLL V1.15.0.0
Target DLL:      STLink\ST-LINKIII-KEIL_SWO.dll V2.0.18.0
Dialog DLL:      TCM.DLL V1.27.0.0
 
<h2>Project:</h2>
E:\Hardware\TESTLCD16x02\MDK-ARM\TESTLCD16x02.uvprojx
Project File Date:  04/08/2017

<h2>Output:</h2>
*** Using Compiler 'V5.06 update 4 (build 422)', folder: 'C:\Keil_v5\ARM\ARMCC\Bin'
Build target 'TESTLCD16x02'
compiling main.c...
../Src/main.c(54): warning:  #188-D: enumerated type mixed with another type
  HAL_GPIO_WritePin(
N_Port,
_Pin, 
PIO_PIN_SET);
../Src/main.c(56): warning:  #188-D: enumerated type mixed with another type
  HAL_GPIO_WritePin(
N_Port,
_Pin,
PIO_PIN_RESET);	
../Src/main.c(63): warning:  #188-D: enumerated type mixed with another type
  HAL_GPIO_WritePin(
../Src/main.c(64): warning:  #188-D: enumerated type mixed with another type
  HAL_GPIO_WritePin(
../Src/main.c(65): warning:  #188-D: enumerated type mixed with another type
  HAL_GPIO_WritePin(
../Src/main.c(66): warning:  #188-D: enumerated type mixed with another type
  HAL_GPIO_WritePin(
../Src/main.c(88): warning:  #188-D: enumerated type mixed with another type
    HAL_GPIO_WritePin(
S_Port,
S_Pin,0);
../Src/main.c(133): warning:  #188-D: enumerated type mixed with another type
    HAL_GPIO_WritePin(
S_Port,
S_Pin,1);
../Src/main.c(135): warning:  #188-D: enumerated type mixed with another type
    HAL_GPIO_WritePin(
S_Port,
S_Pin,0);
../Src/main.c(235): warning:  #188-D: enumerated type mixed with another type
    HAL_GPIO_WritePin(
PIOC, 
PIO_PIN_13, 
PIO_PIN_RESET);
../Src/main.c(239): warning:  #188-D: enumerated type mixed with another type
                            |
PIO_PIN_RESET);
../Src/main.c: 11 warnings, 0 errors
linking...
Program Size: Code=3756 RO-data=284 RW-data=8 ZI-data=1024  
"TESTLCD16x02\TESTLCD16x02.axf" - 0 Error(s), 11 Warning(s).

<h2>Software Packages used:</h2>

Package Vendor: ARM
                http://www.keil.com/pack/ARM.CMSIS.5.0.1.pack
                ARM::CMSIS:CORE:5.0.1
                CMSIS (Cortex Microcontroller Software Interface Standard)
   * Component: CORE Version: 5.0.1

<h2>Collection of Component include folders:</h2>
  .\RTE\_TESTLCD16x02
  C:\Keil_v5\ARM\PACK\ARM\CMSIS\5.0.1\CMSIS\Include
  C:\Keil_v5\ARM\PACK\Keil\STM32F1xx_DFP\2.1.0\Device\Include

<h2>Collection of Component Files used:</h2>

   * Component: ARM::CMSIS:CORE:5.0.1
Build Time Elapsed:  00:00:02
</pre>
</body>
</html>
